Microchip MPLAB XC8 Compiler V3.00

Linker command line:

-W-3 \
  --edf=C:\Program Files\Microchip\xc8\v3.00\pic\dat\20241204225717_en.msgs \
  -cn -h+dist/default/production\washing_machine.X.production.sym \
  --cmf=dist/default/production\washing_machine.X.production.cmf -z \
  -Q16F877A -oC:\Users\bhusa\AppData\Local\Temp\xcAsg8s.\driver_tmp_3.o \
  --defsym=__MPLAB_BUILD=1 --fixupoverflow=error \
  -Mdist/default/production/washing_machine.X.production.map \
  --md=C:\Users\bhusa\AppData\Local\Temp\xcAsg8s.\driver_tmp_0.dat -E1 \
  -ver=XC8 Compiler -ACODE=00h-07FFhx4 -ASTRCODE=00h-01FFFh \
  -ASTRING=00h-0FFhx32 -ACONST=00h-0FFhx32 -AENTRY=00h-0FFhx32 \
  -ACOMMON=070h-07Fh -ABANK0=020h-06Fh -ABANK1=0A0h-0EFh \
  -ABANK2=0110h-016Fh -ABANK3=0190h-01EFh \
  -ARAM=020h-06Fh,0A0h-0EFh,0110h-016Fh,0190h-01EFh \
  -AABS1=020h-07Fh,0A0h-0EFh,0110h-016Fh,0190h-01EFh -ASFR0=00h-01Fh \
  -ASFR1=080h-09Fh -ASFR2=0100h-010Fh -ASFR3=0180h-018Fh \
  -ACONFIG=02007h-02007h -DCONFIG=2 -AIDLOC=02000h-02003h -DIDLOC=2 \
  -AEEDATA=00h-0FFh/02100h -peeprom_data=EEDATA -DEEDATA=2 -DCODE=2 \
  -DSTRCODE=2 -DSTRING=2 -DCONST=2 -DENTRY=2 \
  -preset_vec=00h,intentry=04h,sivt,init,end_init -ppowerup=CODE \
  -pcinit=CODE -pfunctab=ENTRY -k \
  C:\Users\bhusa\AppData\Local\Temp\xcAsg8s.\driver_tmp_12.o \
  dist/default/production\washing_machine.X.production.o 

Object code version is 3.11

Machine type is 16F877A



                Name                               Link     Load   Length Selector   Space Scale
C:\Users\bhusa\AppData\Local\Temp\xcAsg8s.\driver_tmp_12.o
                end_init                              C        C        3        8       0
                reset_vec                             0        0        3        0       0
                config                             2007     2007        1        0       4
dist/default/production\washing_machine.X.production.o
                cinit                                 F        F       36        8       0
                intentry                              4        4        8        8       0
                config                             2007     2007        1        0       4
                text27                             142E     142E       4D     285C       0
                text26                             137A     137A       20     26F4       0
                text25                             14CF     14CF       57     299E       0
                text24                             1336     1336        B     266C       0
                text23                             1328     1328        6     2650       0
                text22                              7F1      7F1        E        8       0
                text21                              802      802       1A     1004       0
                text20                              7BE      7BE       33        8       0
                text19                             1365     1365       15     26CA       0
                text18                             164D     164D       70     2C9A       0
                text17                             147B     147B       54     28F6       0
                text16                             157D     157D       65     2AFA       0
                text15                             1526     1526       57     2A4C       0
                text14                             175C     175C       A4     2EB8       0
                text13                             1405     1405       29     280A       0
                text12                              CBE      CBE      342     197C       0
                text11                              566      566      258        8       0
                text10                             13BC     13BC       24     2778       0
                text9                               81C      81C       76     1038       0
                text8                              13E0     13E0       25     27C0       0
                text7                               892      892       B6     1124       0
                text6                              1341     1341       11     2682       0
                text5                              15E2     15E2       6B     2BC4       0
                text4                                45       45      521        8       0
                text3                               B71      B71      14D     16E2       0
                text2                               948      948      103     1290       0
                text1                              16BD     16BD       9F     2D7A       0
                maintext                            A4B      A4B      126     1496       0
                cstackBANK0                          20       20       49       20       1
                cstackCOMMON                         70       70        9       70       1
                cstackBANK1                          DB       DB        5       A0       1
                clrtext                            132E     132E        8     265C       0
                inittext                           1352     1352       13     26A4       0
                dataBANK1                            A0       A0       22       A0       1
                bssBANK1                             C2       C2       19       A0       1
                dataBANK0                            6D       6D        1       20       1
                bssBANK0                             69       69        4       20       1
                dataCOMMON                           79       79        3       70       1
                stringtext                         1000     1000      185       20       0
                strings                            1185     1185       12     230A       0
                idataBANK1                         139A     139A       22     2734       0
                idataBANK0                          7FF      7FF        1        8       0
                idataCOMMON                        1325     1325        3     264A       0

TOTAL           Name                               Link     Load   Length     Space
        CLASS   CODE           
                end_init                              C        C        3         0
                cinit                                 F        F       36         0
                intentry                              4        4        8         0
                reset_vec                             0        0        3         0
                text27                             142E     142E       4D         0
                text26                             137A     137A       20         0
                text25                             14CF     14CF       57         0
                text24                             1336     1336        B         0
                text23                             1328     1328        6         0
                text22                              7F1      7F1        E         0
                text21                              802      802       1A         0
                text20                              7BE      7BE       33         0
                text19                             1365     1365       15         0
                text18                             164D     164D       70         0
                text17                             147B     147B       54         0
                text16                             157D     157D       65         0
                text15                             1526     1526       57         0
                text14                             175C     175C       A4         0
                text13                             1405     1405       29         0
                text12                              CBE      CBE      342         0
                text11                              566      566      258         0
                text10                             13BC     13BC       24         0
                text9                               81C      81C       76         0
                text8                              13E0     13E0       25         0
                text7                               892      892       B6         0
                text6                              1341     1341       11         0
                text5                              15E2     15E2       6B         0
                text4                                45       45      521         0
                text3                               B71      B71      14D         0
                text2                               948      948      103         0
                text1                              16BD     16BD       9F         0
                maintext                            A4B      A4B      126         0
                clrtext                            132E     132E        8         0
                inittext                           1352     1352       13         0
                idataBANK1                         139A     139A       22         0
                idataBANK0                          7FF      7FF        1         0
                idataCOMMON                        1325     1325        3         0

        CLASS   STRCODE        
                stringtext                         1000     1000      185         0

        CLASS   STRING         
                strings                            1185     1185       12         0

        CLASS   CONST          

        CLASS   ENTRY          

        CLASS   COMMON         
                cstackCOMMON                         70       70        9         1
                dataCOMMON                           79       79        3         1

        CLASS   BANK0          
                cstackBANK0                          20       20       49         1
                dataBANK0                            6D       6D        1         1
                bssBANK0                             69       69        4         1

        CLASS   BANK1          
                cstackBANK1                          DB       DB        5         1
                dataBANK1                            A0       A0       22         1
                bssBANK1                             C2       C2       19         1

        CLASS   BANK2          

        CLASS   BANK3          

        CLASS   RAM            

        CLASS   ABS1           
                abs_s1                               7E       7E        2         1

        CLASS   SFR0           

        CLASS   SFR1           

        CLASS   SFR2           

        CLASS   SFR3           

        CLASS   CONFIG         
                config                             2007     2007        1         4

        CLASS   IDLOC          

        CLASS   EEDATA         

        CLASS   HEAP           

        CLASS   STACK          



SEGMENTS        Name                           Load    Length   Top    Selector   Space  Class     Delta

                reset_vec                      000000  000003  000003         0       0  CODE        2
                intentry                       000004  0007FC  000800         8       0  CODE        2
                cstackBANK0                    000020  00004E  00006E        20       1  BANK0       1
                cstackCOMMON                   000070  00000C  00007C        70       1  COMMON      1
                dataBANK1                      0000A0  000040  0000E0        A0       1  BANK1       1
                text21                         000802  00001A  00081C      1004       0  CODE        2
                text9                          00081C  000076  000892      1038       0  CODE        2
                text7                          000892  0000B6  000948      1124       0  CODE        2
                text2                          000948  000103  000A4B      1290       0  CODE        2
                maintext                       000A4B  000126  000B71      1496       0  CODE        2
                text3                          000B71  00014D  000CBE      16E2       0  CODE        2
                text12                         000CBE  000342  001000      197C       0  CODE        2
                stringtext                     001000  000185  001185        20       0  STRCODE     2
                strings                        001185  000012  001197      230A       0  STRING      2
                idataCOMMON                    001325  000003  001328      264A       0  CODE        2
                text23                         001328  000006  00132E      2650       0  CODE        2
                clrtext                        00132E  000008  001336      265C       0  CODE        2
                text24                         001336  00000B  001341      266C       0  CODE        2
                text6                          001341  000011  001352      2682       0  CODE        2
                inittext                       001352  000013  001365      26A4       0  CODE        2
                text19                         001365  000015  00137A      26CA       0  CODE        2
                text26                         00137A  000020  00139A      26F4       0  CODE        2
                idataBANK1                     00139A  000022  0013BC      2734       0  CODE        2
                text10                         0013BC  000024  0013E0      2778       0  CODE        2
                text8                          0013E0  000025  001405      27C0       0  CODE        2
                text13                         001405  000029  00142E      280A       0  CODE        2
                text27                         00142E  00004D  00147B      285C       0  CODE        2
                text17                         00147B  000054  0014CF      28F6       0  CODE        2
                text25                         0014CF  000057  001526      299E       0  CODE        2
                text15                         001526  000057  00157D      2A4C       0  CODE        2
                text16                         00157D  000065  0015E2      2AFA       0  CODE        2
                text5                          0015E2  00006B  00164D      2BC4       0  CODE        2
                text18                         00164D  000070  0016BD      2C9A       0  CODE        2
                text1                          0016BD  00009F  00175C      2D7A       0  CODE        2
                text14                         00175C  0000A4  001800      2EB8       0  CODE        2


UNUSED ADDRESS RANGES

        Name                Unused          Largest block    Delta
        BANK0            006E-006F              2           1
        BANK1            00E0-00EF             10           1
        BANK2            0110-016F             60           1
        BANK3            0190-01EF             60           1
        CODE             0003-0003              1           2
                         0800-0801              2
                         1197-1324            18E
                         1800-1FFF            800
        COMMON           007C-007D              2           1
        CONST            0003-0003              1           2
                         0800-0801              2
                         1197-1324            100
                         1800-1FFF            100
        EEDATA           2100-21FF            100           2
        ENTRY            0003-0003              1           2
                         0800-0801              2
                         1197-1324            100
                         1800-1FFF            100
        IDLOC            2000-2003              4           2
        RAM              006E-006F              2           1
                         00E0-00EF             10
                         0110-016F             60
                         0190-01EF             60
        SFR0             0000-001F             20           1
        SFR1             0080-009F             20           1
        SFR2             0100-010F             10           1
        SFR3             0180-018F             10           1
        STRCODE          0003-0003              1           2
                         0800-0801              2
                         1197-1324            18E
                         1800-1FFF            800
        STRING           0003-0003              1           2
                         0800-0801              2
                         1197-1324            100
                         1800-1FFF            100

                                  Symbol Table

?__Umul8_16                      cstackCOMMON 0072
?___awdiv                        cstackCOMMON 0072
?___awmod                        cstackCOMMON 0072
?___fladd                        cstackBANK0  0020
?___flmul                        cstackBANK0  0032
?___flsub                        cstackBANK0  004C
?___fltol                        cstackCOMMON 0072
?___wmul                         cstackCOMMON 0072
?___xxtofl                       cstackBANK0  0024
_GIE                             (abs)        005F
_PEIE                            (abs)        005E
_PORTB                           (abs)        0006
_PORTD                           (abs)        0008
_PR2                             (abs)        0092
_RB0                             (abs)        0030
_RC1                             (abs)        0039
_RC2                             (abs)        003A
_RE1                             (abs)        0049
_RE2                             (abs)        004A
_TMR2IE                          (abs)        0461
_TMR2IF                          (abs)        0061
_TMR2ON                          (abs)        0092
_TRISB                           (abs)        0086
_TRISC1                          (abs)        0439
_TRISC2                          (abs)        043A
_TRISD                           (abs)        0088
_TRISE1                          (abs)        0449
_TRISE2                          (abs)        044A
__H__absolute__                  __absolute__ 0000
__Habs1                          abs1         0000
__Hbank0                         bank0        0000
__Hbank1                         bank1        0000
__Hbank2                         bank2        0000
__Hbank3                         bank3        0000
__HbssBANK0                      bssBANK0     0000
__HbssBANK1                      bssBANK1     0000
__Hcinit                         cinit        0045
__Hclrtext                       clrtext      0000
__Hcode                          code         0000
__Hcommon                        common       0000
__Hconfig                        config       2008
__HcstackBANK0                   cstackBANK0  0000
__HcstackBANK1                   cstackBANK1  0000
__HcstackCOMMON                  cstackCOMMON 0000
__HdataBANK0                     dataBANK0    0000
__HdataBANK1                     dataBANK1    0000
__HdataCOMMON                    dataCOMMON   0000
__Heeprom_data                   eeprom_data  0000
__Hend_init                      end_init     000F
__Hfunctab                       functab      0000
__Hheap                          heap         0000
__HidataBANK0                    idataBANK0   0000
__HidataBANK1                    idataBANK1   0000
__HidataCOMMON                   idataCOMMON  0000
__Hinit                          init         000C
__Hinittext                      inittext     0000
__Hintentry                      intentry     000C
__Hmaintext                      maintext     0000
__Hpowerup                       powerup      0000
__Hram                           ram          0000
__Hreset_vec                     reset_vec    0003
__Hsfr0                          sfr0         0000
__Hsfr1                          sfr1         0000
__Hsfr2                          sfr2         0000
__Hsfr3                          sfr3         0000
__Hsivt                          sivt         000C
__Hspace_0                       (abs)        1800
__Hspace_1                       (abs)        00E0
__Hspace_2                       (abs)        0000
__Hspace_3                       (abs)        0000
__Hspace_4                       (abs)        400F
__Hstack                         stack        0000
__Hstrings                       strings      0000
__Hstringtext                    stringtext   0000
__Htext                          text         0000
__L__absolute__                  __absolute__ 0000
__Labs1                          abs1         0000
__Lbank0                         bank0        0000
__Lbank1                         bank1        0000
__Lbank2                         bank2        0000
__Lbank3                         bank3        0000
__LbssBANK0                      bssBANK0     0000
__LbssBANK1                      bssBANK1     0000
__Lcinit                         cinit        000F
__Lclrtext                       clrtext      0000
__Lcode                          code         0000
__Lcommon                        common       0000
__Lconfig                        config       0000
__LcstackBANK0                   cstackBANK0  0000
__LcstackBANK1                   cstackBANK1  0000
__LcstackCOMMON                  cstackCOMMON 0000
__LdataBANK0                     dataBANK0    0000
__LdataBANK1                     dataBANK1    0000
__LdataCOMMON                    dataCOMMON   0000
__Leeprom_data                   eeprom_data  0000
__Lend_init                      end_init     000C
__Lfunctab                       functab      0000
__Lheap                          heap         0000
__LidataBANK0                    idataBANK0   0000
__LidataBANK1                    idataBANK1   0000
__LidataCOMMON                   idataCOMMON  0000
__Linit                          init         000C
__Linittext                      inittext     0000
__Lintentry                      intentry     0004
__Lmaintext                      maintext     0000
__Lpowerup                       powerup      0000
__Lram                           ram          0000
__Lreset_vec                     reset_vec    0000
__Lsfr0                          sfr0         0000
__Lsfr1                          sfr1         0000
__Lsfr2                          sfr2         0000
__Lsfr3                          sfr3         0000
__Lsivt                          sivt         000C
__Lspace_0                       (abs)        0000
__Lspace_1                       (abs)        0000
__Lspace_2                       (abs)        0000
__Lspace_3                       (abs)        0000
__Lspace_4                       (abs)        0000
__Lstack                         stack        0000
__Lstrings                       strings      0000
__Lstringtext                    stringtext   0000
__Ltext                          text         0000
__S0                             (abs)        1800
__S1                             (abs)        00E0
__S3                             (abs)        0000
__Umul8_16                       text13       1405
__Umul8_16@multiplicand          cstackCOMMON 0072
__Umul8_16@multiplier            cstackBANK0  0024
__Umul8_16@product               cstackBANK0  0020
__Umul8_16@word_mpld             cstackBANK0  0022
___awdiv                         text16       157D
___awdiv@counter                 cstackBANK0  0020
___awdiv@dividend                cstackCOMMON 0074
___awdiv@divisor                 cstackCOMMON 0072
___awdiv@quotient                cstackBANK0  0022
___awdiv@sign                    cstackBANK0  0021
___awmod                         text15       1526
___awmod@counter                 cstackCOMMON 0076
___awmod@dividend                cstackCOMMON 0074
___awmod@divisor                 cstackCOMMON 0072
___awmod@sign                    cstackCOMMON 0077
___fladd                         text11       0566
___fladd@a                       cstackBANK0  0024
___fladd@aexp                    cstackCOMMON 0073
___fladd@b                       cstackBANK0  0020
___fladd@bexp                    cstackCOMMON 0074
___fladd@grs                     cstackCOMMON 0075
___fladd@signs                   cstackCOMMON 0072
___flge                          text14       175C
___flge@ff1                      cstackBANK0  0054
___flge@ff2                      cstackBANK0  0058
___flmul                         text12       0CBE
___flmul@a                       cstackBANK0  0036
___flmul@aexp                    cstackBANK0  0040
___flmul@b                       cstackBANK0  0032
___flmul@bexp                    cstackBANK0  0045
___flmul@grs                     cstackBANK0  0041
___flmul@prod                    cstackBANK0  0046
___flmul@sign                    cstackBANK0  003F
___flmul@temp                    cstackBANK0  004A
___flsub                         text10       13BC
___flsub@a                       cstackBANK0  004C
___flsub@b                       cstackBANK0  0050
___fltol                         text9        081C
___fltol@exp1                    cstackCOMMON 0077
___fltol@f1                      cstackCOMMON 0072
___fltol@sign1                   cstackCOMMON 0076
___heap_hi                       (abs)        0000
___heap_lo                       (abs)        0000
___int_sp                        stack        0000
___int_stack_hi                  stack        0000
___int_stack_lo                  stack        0000
___latbits                       (abs)        0002
___sp                            stack        0000
___stack_hi                      stack        0000
___stack_lo                      stack        0000
___stackhi                       (abs)        0000
___stacklo                       (abs)        0000
___wmul                          text8        13E0
___wmul@multiplicand             cstackCOMMON 0074
___wmul@multiplier               cstackCOMMON 0072
___wmul@product                  cstackCOMMON 0076
___xxtofl                        text7        0892
___xxtofl@arg                    cstackBANK0  002E
___xxtofl@exp                    cstackBANK0  002D
___xxtofl@sign                   cstackBANK0  002C
___xxtofl@val                    cstackBANK0  0024
__end_of__Umul8_16               text13       142E
__end_of___awdiv                 text16       15E2
__end_of___awmod                 text15       157D
__end_of___fladd                 text11       07BE
__end_of___flge                  text14       1800
__end_of___flmul                 text12       1000
__end_of___flsub                 text10       13E0
__end_of___fltol                 text9        0892
__end_of___wmul                  text8        1405
__end_of___xxtofl                text7        0948
__end_of__initialization         cinit        0041
__end_of__stringtab              strings      1197
__end_of_clcd_print              text20       07F1
__end_of_clcd_putch              text19       137A
__end_of_clcd_write              text26       139A
__end_of_clear_screen            text6        1352
__end_of_door_status_check       text5        164D
__end_of_init_clcd               text24       1341
__end_of_init_config             text21       081C
__end_of_init_digital_keypad     text23       132E
__end_of_init_display_controller text25       1526
__end_of_init_timer2             text22       07FF
__end_of_isr                     text27       147B
__end_of_main                    maintext     0B71
__end_of_power_on_screen         text18       16BD
__end_of_read_digital_keypad     text17       14CF
__end_of_run_program             text4        0566
__end_of_set_time                text3        0CBE
__end_of_washing_program_display text2        0A4B
__end_of_water_level_screen      text1        175C
__initialization                 cinit        000F
__pbssBANK0                      bssBANK0     0069
__pbssBANK1                      bssBANK1     00C2
__pcstackBANK0                   cstackBANK0  0020
__pcstackBANK1                   cstackBANK1  00DB
__pcstackCOMMON                  cstackCOMMON 0070
__pdataBANK0                     dataBANK0    006D
__pdataBANK1                     dataBANK1    00A0
__pdataCOMMON                    dataCOMMON   0079
__pidataBANK0                    idataBANK0   07FF
__pidataBANK1                    idataBANK1   139A
__pidataCOMMON                   idataCOMMON  1325
__pintentry                      intentry     0004
__pmaintext                      maintext     0A4B
__pstrings                       strings      1185
__pstringtext                    stringtext   1000
__ptext1                         text1        16BD
__ptext10                        text10       13BC
__ptext11                        text11       0566
__ptext12                        text12       0CBE
__ptext13                        text13       1405
__ptext14                        text14       175C
__ptext15                        text15       1526
__ptext16                        text16       157D
__ptext17                        text17       147B
__ptext18                        text18       164D
__ptext19                        text19       1365
__ptext2                         text2        0948
__ptext20                        text20       07BE
__ptext21                        text21       0802
__ptext22                        text22       07F1
__ptext23                        text23       1328
__ptext24                        text24       1336
__ptext25                        text25       14CF
__ptext26                        text26       137A
__ptext27                        text27       142E
__ptext3                         text3        0B71
__ptext4                         text4        0045
__ptext5                         text5        15E2
__ptext6                         text6        1341
__ptext7                         text7        0892
__ptext8                         text8        13E0
__ptext9                         text9        081C
__stringbase                     strings      1197
__stringtab                      strings      1185
_clcd_print                      text20       07BE
_clcd_putch                      text19       1365
_clcd_write                      text26       137A
_clear_screen                    text6        1341
_door_status_check               text5        15E2
_init_clcd                       text24       1336
_init_config                     text21       0802
_init_digital_keypad             text23       1328
_init_display_controller         text25       14CF
_init_timer2                     text22       07F1
_isr                             text27       142E
_level                           bssBANK0     0069
_main                            maintext     0A4B
_min                             bssBANK0     006B
_operational_mode                dataBANK0    006D
_power_on_screen                 text18       164D
_program_no                      bssBANK0     006A
_read_digital_keypad             text17       147B
_reset_flag                      dataCOMMON   007B
_rinse_time                      bssBANK1     00CA
_run_program                     text4        0045
_run_program$838                 cstackBANK0  0065
_sec                             bssBANK0     006C
_set_time                        text3        0B71
_spin_time                       bssBANK1     00C6
_time                            bssBANK1     00C2
_total_time                      bssBANK1     00D2
_wash_time                       bssBANK1     00CE
_washing_program                 dataBANK1    00A0
_washing_program_display         text2        0948
_water_level                     dataBANK1    00B8
_water_level_screen              text1        16BD
btemp                            (abs)        007E
clcd_print@addr                  cstackBANK0  0022
clcd_print@str                   cstackBANK0  0020
clcd_putch@addr                  cstackCOMMON 0078
clcd_putch@data                  cstackBANK0  0024
clcd_write@byte                  cstackCOMMON 0075
clcd_write@mode                  cstackCOMMON 0072
clear_ram0                       clrtext      132E
end_of_initialization            cinit        0041
init_fetch0                      inittext     1352
init_ram0                        inittext     1356
interrupt_function               intentry     0004
intlevel0                        functab      0000
intlevel1                        functab      0000
intlevel2                        functab      0000
intlevel3                        functab      0000
intlevel4                        functab      0000
intlevel5                        functab      0000
isr@count                        bssBANK1     00D6
main@delay                       cstackBANK1  00DB
main@delay_93                    cstackBANK1  00DD
main@key                         cstackBANK1  00DF
power_on_screen@i                cstackBANK0  0028
power_on_screen@i_194            cstackBANK0  0029
read_digital_keypad@key          cstackCOMMON 0072
read_digital_keypad@long_press   dataCOMMON   0079
read_digital_keypad@once         dataCOMMON   007A
read_digital_keypad@pre_key      bssBANK1     00DA
reset_vec                        reset_vec    0000
run_program@key                  cstackBANK0  0064
saved_w                          (abs)        007E
start                            init         000C
start_initialization             cinit        000F
washing_program_display@key      cstackBANK0  0027
water_level_screen@key           cstackBANK0  0027
wtemp0                           (abs)        007E


MODULE INFORMATION

Module		Function		Class		Link	Load	Size
washing_machine_functions_def.c
		_door_status_check		CODE           	15E2	0000	107
		_washing_program_display		CODE           	0948	0000	259
		_water_level_screen		CODE           	16BD	0000	159
		_run_program   		CODE           	0045	0000	1313
		_clear_screen  		CODE           	1341	0000	17
		_power_on_screen		CODE           	164D	0000	112
		_set_time      		CODE           	0B71	0000	333

washing_machine_functions_def.c estimated size: 2300

C:\Program Files\Microchip\xc8\v3.00\pic\sources\c99\common\flge.c
		___flge        		CODE           	175C	0000	164

C:\Program Files\Microchip\xc8\v3.00\pic\sources\c99\common\flge.c estimated size: 164

timers.c
		_init_timer2   		CODE           	07F1	0000	14

timers.c estimated size: 14

digital_keypad.c
		_init_digital_keypad		CODE           	1328	0000	6
		_read_digital_keypad		CODE           	147B	0000	84

digital_keypad.c estimated size: 90

C:\Program Files\Microchip\xc8\v3.00\pic\sources\c99\common\Umul16.c
		___wmul        		CODE           	13E0	0000	37

C:\Program Files\Microchip\xc8\v3.00\pic\sources\c99\common\Umul16.c estimated size: 37

C:\Program Files\Microchip\xc8\v3.00\pic\sources\c99\common\awmod.c
		___awmod       		CODE           	1526	0000	87

C:\Program Files\Microchip\xc8\v3.00\pic\sources\c99\common\awmod.c estimated size: 87

C:\Program Files\Microchip\xc8\v3.00\pic\sources\c99\common\sprcmul.c
		___flmul       		CODE           	0CBE	0000	834

C:\Program Files\Microchip\xc8\v3.00\pic\sources\c99\common\sprcmul.c estimated size: 834

isr.c
		_isr           		CODE           	142E	0000	77

isr.c estimated size: 77

shared
		__stringtab    		STRING         	1185	0000	18
		__initialization		CODE           	000F	0000	50

shared estimated size: 68

clcd.c
		_clcd_write    		CODE           	137A	0000	32
		_clcd_print    		CODE           	07BE	0000	51
		_clcd_putch    		CODE           	1365	0000	21
		_init_display_controller		CODE           	14CF	0000	87
		_init_clcd     		CODE           	1336	0000	11

clcd.c estimated size: 202

C:\Program Files\Microchip\xc8\v3.00\pic\sources\c99\common\xxtofl.c
		___xxtofl      		CODE           	0892	0000	182

C:\Program Files\Microchip\xc8\v3.00\pic\sources\c99\common\xxtofl.c estimated size: 182

C:\Program Files\Microchip\xc8\v3.00\pic\sources\c99\common\awdiv.c
		___awdiv       		CODE           	157D	0000	101

C:\Program Files\Microchip\xc8\v3.00\pic\sources\c99\common\awdiv.c estimated size: 101

C:\Program Files\Microchip\xc8\v3.00\pic\sources\c99\common\fltol.c
		___fltol       		CODE           	081C	0000	118

C:\Program Files\Microchip\xc8\v3.00\pic\sources\c99\common\fltol.c estimated size: 118

main.c
		_main          		CODE           	0A4B	0000	294
		_init_config   		CODE           	0802	0000	26

main.c estimated size: 320

C:\Program Files\Microchip\xc8\v3.00\pic\sources\c99\common\sprcadd.c
		___flsub       		CODE           	13BC	0000	36
		___fladd       		CODE           	0566	0000	600

C:\Program Files\Microchip\xc8\v3.00\pic\sources\c99\common\sprcadd.c estimated size: 636

C:\Program Files\Microchip\xc8\v3.00\pic\sources\c99\common\Umul8_16.c
		__Umul8_16     		CODE           	1405	0000	41

C:\Program Files\Microchip\xc8\v3.00\pic\sources\c99\common\Umul8_16.c estimated size: 41

